Archive member included because of file (symbol)

c:/winavr-20071221/bin/../lib/gcc/avr/4.2.2/avr4\libgcc.a(_divmodhi4.o)
                              TrekSoundGame1.o (__divmodhi4)
c:/winavr-20071221/bin/../lib/gcc/avr/4.2.2/avr4\libgcc.a(_exit.o)
                              c:/winavr-20071221/bin/../lib/gcc/avr/4.2.2/../../../../avr/lib/avr4/crtm8.o (exit)
c:/winavr-20071221/bin/../lib/gcc/avr/4.2.2/avr4\libgcc.a(_copy_data.o)
                              TrekSoundGame1.o (__do_copy_data)
c:/winavr-20071221/bin/../lib/gcc/avr/4.2.2/avr4\libgcc.a(_clear_bss.o)
                              TrekSoundGame1.o (__do_clear_bss)
c:/winavr-20071221/bin/../lib/gcc/avr/4.2.2/avr4\libgcc.a(_udivmodhi4.o)
                              c:/winavr-20071221/bin/../lib/gcc/avr/4.2.2/avr4\libgcc.a(_divmodhi4.o) (__udivmodhi4)
c:/winavr-20071221/bin/../lib/gcc/avr/4.2.2/../../../../avr/lib/avr4\libc.a(ee_rb.1C1D1E.o)
                              TrekSoundGame1.o (__eeprom_read_byte_1C1D1E)
c:/winavr-20071221/bin/../lib/gcc/avr/4.2.2/../../../../avr/lib/avr4\libc.a(ee_wb.1C1D1E.o)
                              TrekSoundGame1.o (__eeprom_write_byte_1C1D1E)

Allocating common symbols
Common symbol       size              file

EgtheRow            0x1               TrekSoundGame1.o
trianglewave        0xc8              TrekSoundGame1.o
LEDmatrix           0x18              TrekSoundGame1.o

Memory Configuration

Name             Origin             Length             Attributes
text             0x00000000         0x00002000         xr
data             0x00800060         0x0000ffa0         rw !x
eeprom           0x00810000         0x00010000         rw !x
fuse             0x00820000         0x00000400         rw !x
lock             0x00830000         0x00000400         rw !x
signature        0x00840000         0x00000400         rw !x
*default*        0x00000000         0xffffffff

Linker script and memory map

LOAD c:/winavr-20071221/bin/../lib/gcc/avr/4.2.2/../../../../avr/lib/avr4/crtm8.o
LOAD TrekSoundGame1.o
LOAD c:/winavr-20071221/bin/../lib/gcc/avr/4.2.2/avr4\libgcc.a
LOAD c:/winavr-20071221/bin/../lib/gcc/avr/4.2.2/../../../../avr/lib/avr4\libc.a
LOAD c:/winavr-20071221/bin/../lib/gcc/avr/4.2.2/avr4\libgcc.a

.hash
 *(.hash)

.dynsym
 *(.dynsym)

.dynstr
 *(.dynstr)

.gnu.version
 *(.gnu.version)

.gnu.version_d
 *(.gnu.version_d)

.gnu.version_r
 *(.gnu.version_r)

.rel.init
 *(.rel.init)

.rela.init
 *(.rela.init)

.rel.text
 *(.rel.text)
 *(.rel.text.*)
 *(.rel.gnu.linkonce.t*)

.rela.text
 *(.rela.text)
 *(.rela.text.*)
 *(.rela.gnu.linkonce.t*)

.rel.fini
 *(.rel.fini)

.rela.fini
 *(.rela.fini)

.rel.rodata
 *(.rel.rodata)
 *(.rel.rodata.*)
 *(.rel.gnu.linkonce.r*)

.rela.rodata
 *(.rela.rodata)
 *(.rela.rodata.*)
 *(.rela.gnu.linkonce.r*)

.rel.data
 *(.rel.data)
 *(.rel.data.*)
 *(.rel.gnu.linkonce.d*)

.rela.data
 *(.rela.data)
 *(.rela.data.*)
 *(.rela.gnu.linkonce.d*)

.rel.ctors
 *(.rel.ctors)

.rela.ctors
 *(.rela.ctors)

.rel.dtors
 *(.rel.dtors)

.rela.dtors
 *(.rela.dtors)

.rel.got
 *(.rel.got)

.rela.got
 *(.rela.got)

.rel.bss
 *(.rel.bss)

.rela.bss
 *(.rela.bss)

.rel.plt
 *(.rel.plt)

.rela.plt
 *(.rela.plt)

.text           0x00000000     0x17c6
 *(.vectors)
 .vectors       0x00000000       0x26 c:/winavr-20071221/bin/../lib/gcc/avr/4.2.2/../../../../avr/lib/avr4/crtm8.o
                0x00000000                __vectors
                0x00000000                __vector_default
 *(.vectors)
 *(.progmem.gcc*)
 .progmem.gcc_sw_table
                0x00000026       0x44 TrekSoundGame1.o
 *(.progmem*)
                0x0000006a                . = ALIGN (0x2)
                0x0000006a                __trampolines_start = .
 *(.trampolines)
 .trampolines   0x0000006a        0x0 linker stubs
 *(.trampolines*)
                0x0000006a                __trampolines_end = .
 *(.jumptables)
 *(.jumptables*)
 *(.lowtext)
 *(.lowtext*)
                0x0000006a                __ctors_start = .
 *(.ctors)
                0x0000006a                __ctors_end = .
                0x0000006a                __dtors_start = .
 *(.dtors)
                0x0000006a                __dtors_end = .
 SORT(*)(.ctors)
 SORT(*)(.dtors)
 *(.init0)
 .init0         0x0000006a        0x0 c:/winavr-20071221/bin/../lib/gcc/avr/4.2.2/../../../../avr/lib/avr4/crtm8.o
                0x0000006a                __init
 *(.init0)
 *(.init1)
 *(.init1)
 *(.init2)
 .init2         0x0000006a        0xc c:/winavr-20071221/bin/../lib/gcc/avr/4.2.2/../../../../avr/lib/avr4/crtm8.o
 *(.init2)
 *(.init3)
 *(.init3)
 *(.init4)
 .init4         0x00000076       0x16 c:/winavr-20071221/bin/../lib/gcc/avr/4.2.2/avr4\libgcc.a(_copy_data.o)
                0x00000076                __do_copy_data
 .init4         0x0000008c       0x10 c:/winavr-20071221/bin/../lib/gcc/avr/4.2.2/avr4\libgcc.a(_clear_bss.o)
                0x0000008c                __do_clear_bss
 *(.init4)
 *(.init5)
 *(.init5)
 *(.init6)
 *(.init6)
 *(.init7)
 *(.init7)
 *(.init8)
 *(.init8)
 *(.init9)
 .init9         0x0000009c        0x4 c:/winavr-20071221/bin/../lib/gcc/avr/4.2.2/../../../../avr/lib/avr4/crtm8.o
 *(.init9)
 *(.text)
 .text          0x000000a0        0x2 c:/winavr-20071221/bin/../lib/gcc/avr/4.2.2/../../../../avr/lib/avr4/crtm8.o
                0x000000a0                __vector_1
                0x000000a0                __vector_12
                0x000000a0                __bad_interrupt
                0x000000a0                __vector_6
                0x000000a0                __vector_3
                0x000000a0                __vector_11
                0x000000a0                __vector_13
                0x000000a0                __vector_17
                0x000000a0                __vector_7
                0x000000a0                __vector_5
                0x000000a0                __vector_4
                0x000000a0                __vector_9
                0x000000a0                __vector_2
                0x000000a0                __vector_15
                0x000000a0                __vector_8
                0x000000a0                __vector_14
                0x000000a0                __vector_10
                0x000000a0                __vector_16
                0x000000a0                __vector_18
 .text          0x000000a2     0x16ac TrekSoundGame1.o
                0x000016b8                MakeTriangleWave
                0x0000138a                TRICORDER
                0x00001302                RECORD1
                0x000007ec                PhotonTorpedoLastSteps
                0x00000308                RightButtonIsPushed
                0x00000376                SetRowColumnColors
                0x00001138                COMMUNICATOR
                0x000000d4                delayms
                0x00000864                ENERGIZE
                0x00001306                PLAY1
                0x0000063a                Intro
                0x000000ae                SetAll4
                0x0000130a                PHOTONTORPEDO
                0x0000034e                PauseBy
                0x000000a2                ReadByteFromEeprom
                0x000012fe                PLAY2
                0x00000ace                REDALERT
                0x0000011c                RefreshAll
                0x000015ea                ButtonPlayTest
                0x000000ca                WriteByteToEeprom
                0x00000ba6                PHAZER
                0x00000746                PhotonTorpedoFirstSteps
                0x0000124a                RECORD2
                0x00001734                main
                0x000000fe                AllLEDsOff
                0x000002c2                LeftButtonIsPushed
                0x00001504                DOOR
                0x000000ea                delayus
                0x0000132c                INTERCOM
                0x000016fe                InitPorts
                0x000015a6                PlayThisOne
                0x00000972                RewardSequence
 .text          0x0000174e        0x0 c:/winavr-20071221/bin/../lib/gcc/avr/4.2.2/avr4\libgcc.a(_divmodhi4.o)
 .text          0x0000174e        0x0 c:/winavr-20071221/bin/../lib/gcc/avr/4.2.2/avr4\libgcc.a(_exit.o)
 .text          0x0000174e        0x0 c:/winavr-20071221/bin/../lib/gcc/avr/4.2.2/avr4\libgcc.a(_copy_data.o)
 .text          0x0000174e        0x0 c:/winavr-20071221/bin/../lib/gcc/avr/4.2.2/avr4\libgcc.a(_clear_bss.o)
 .text          0x0000174e        0x0 c:/winavr-20071221/bin/../lib/gcc/avr/4.2.2/avr4\libgcc.a(_udivmodhi4.o)
 .text          0x0000174e        0x0 c:/winavr-20071221/bin/../lib/gcc/avr/4.2.2/../../../../avr/lib/avr4\libc.a(ee_rb.1C1D1E.o)
 .text          0x0000174e        0x0 c:/winavr-20071221/bin/../lib/gcc/avr/4.2.2/../../../../avr/lib/avr4\libc.a(ee_wb.1C1D1E.o)
                0x0000174e                . = ALIGN (0x2)
 *(.text.*)
 .text.libgcc   0x0000174e       0x26 c:/winavr-20071221/bin/../lib/gcc/avr/4.2.2/avr4\libgcc.a(_divmodhi4.o)
                0x0000174e                __divmodhi4
                0x0000174e                _div
 .text.libgcc   0x00001774        0x0 c:/winavr-20071221/bin/../lib/gcc/avr/4.2.2/avr4\libgcc.a(_exit.o)
 .text.libgcc   0x00001774        0x0 c:/winavr-20071221/bin/../lib/gcc/avr/4.2.2/avr4\libgcc.a(_copy_data.o)
 .text.libgcc   0x00001774        0x0 c:/winavr-20071221/bin/../lib/gcc/avr/4.2.2/avr4\libgcc.a(_clear_bss.o)
 .text.libgcc   0x00001774       0x28 c:/winavr-20071221/bin/../lib/gcc/avr/4.2.2/avr4\libgcc.a(_udivmodhi4.o)
                0x00001774                __udivmodhi4
 .text.eeprom   0x0000179c       0x10 c:/winavr-20071221/bin/../lib/gcc/avr/4.2.2/../../../../avr/lib/avr4\libc.a(ee_rb.1C1D1E.o)
                0x0000179c                __eeprom_read_byte_1C1D1E
 .text.eeprom   0x000017ac       0x18 c:/winavr-20071221/bin/../lib/gcc/avr/4.2.2/../../../../avr/lib/avr4\libc.a(ee_wb.1C1D1E.o)
                0x000017ac                __eeprom_write_byte_1C1D1E
                0x000017c4                . = ALIGN (0x2)
 *(.fini9)
 .fini9         0x000017c4        0x0 c:/winavr-20071221/bin/../lib/gcc/avr/4.2.2/avr4\libgcc.a(_exit.o)
                0x000017c4                exit
                0x000017c4                _exit
 *(.fini9)
 *(.fini8)
 *(.fini8)
 *(.fini7)
 *(.fini7)
 *(.fini6)
 *(.fini6)
 *(.fini5)
 *(.fini5)
 *(.fini4)
 *(.fini4)
 *(.fini3)
 *(.fini3)
 *(.fini2)
 *(.fini2)
 *(.fini1)
 *(.fini1)
 *(.fini0)
 .fini0         0x000017c4        0x2 c:/winavr-20071221/bin/../lib/gcc/avr/4.2.2/avr4\libgcc.a(_exit.o)
 *(.fini0)
                0x000017c6                _etext = .

.data           0x00800060        0xa load address 0x000017c6
                0x00800060                PROVIDE (__data_start, .)
 *(.data)
 .data          0x00800060        0x0 c:/winavr-20071221/bin/../lib/gcc/avr/4.2.2/../../../../avr/lib/avr4/crtm8.o
 .data          0x00800060        0xa TrekSoundGame1.o
                0x00800068                daLetterCount
                0x00800064                B
                0x00800062                G
                0x00800060                R
                0x00800066                gtheColumn
 .data          0x0080006a        0x0 c:/winavr-20071221/bin/../lib/gcc/avr/4.2.2/avr4\libgcc.a(_divmodhi4.o)
 .data          0x0080006a        0x0 c:/winavr-20071221/bin/../lib/gcc/avr/4.2.2/avr4\libgcc.a(_exit.o)
 .data          0x0080006a        0x0 c:/winavr-20071221/bin/../lib/gcc/avr/4.2.2/avr4\libgcc.a(_copy_data.o)
 .data          0x0080006a        0x0 c:/winavr-20071221/bin/../lib/gcc/avr/4.2.2/avr4\libgcc.a(_clear_bss.o)
 .data          0x0080006a        0x0 c:/winavr-20071221/bin/../lib/gcc/avr/4.2.2/avr4\libgcc.a(_udivmodhi4.o)
 .data          0x0080006a        0x0 c:/winavr-20071221/bin/../lib/gcc/avr/4.2.2/../../../../avr/lib/avr4\libc.a(ee_rb.1C1D1E.o)
 .data          0x0080006a        0x0 c:/winavr-20071221/bin/../lib/gcc/avr/4.2.2/../../../../avr/lib/avr4\libc.a(ee_wb.1C1D1E.o)
 *(.data*)
 *(.rodata)
 *(.rodata*)
 *(.gnu.linkonce.d*)
                0x0080006a                . = ALIGN (0x2)
                0x0080006a                _edata = .
                0x0080006a                PROVIDE (__data_end, .)

.bss            0x0080006a       0xe3 load address 0x000017d0
                0x0080006a                PROVIDE (__bss_start, .)
 *(.bss)
 .bss           0x0080006a        0x0 c:/winavr-20071221/bin/../lib/gcc/avr/4.2.2/../../../../avr/lib/avr4/crtm8.o
 .bss           0x0080006a        0x2 TrekSoundGame1.o
                0x0080006a                gtheRow
 .bss           0x0080006c        0x0 c:/winavr-20071221/bin/../lib/gcc/avr/4.2.2/avr4\libgcc.a(_divmodhi4.o)
 .bss           0x0080006c        0x0 c:/winavr-20071221/bin/../lib/gcc/avr/4.2.2/avr4\libgcc.a(_exit.o)
 .bss           0x0080006c        0x0 c:/winavr-20071221/bin/../lib/gcc/avr/4.2.2/avr4\libgcc.a(_copy_data.o)
 .bss           0x0080006c        0x0 c:/winavr-20071221/bin/../lib/gcc/avr/4.2.2/avr4\libgcc.a(_clear_bss.o)
 .bss           0x0080006c        0x0 c:/winavr-20071221/bin/../lib/gcc/avr/4.2.2/avr4\libgcc.a(_udivmodhi4.o)
 .bss           0x0080006c        0x0 c:/winavr-20071221/bin/../lib/gcc/avr/4.2.2/../../../../avr/lib/avr4\libc.a(ee_rb.1C1D1E.o)
 .bss           0x0080006c        0x0 c:/winavr-20071221/bin/../lib/gcc/avr/4.2.2/../../../../avr/lib/avr4\libc.a(ee_wb.1C1D1E.o)
 *(.bss*)
 *(COMMON)
 COMMON         0x0080006c       0xe1 TrekSoundGame1.o
                0x0080006c                EgtheRow
                0x0080006d                trianglewave
                0x00800135                LEDmatrix
                0x0080014d                PROVIDE (__bss_end, .)
                0x000017c6                __data_load_start = LOADADDR (.data)
                0x000017d0                __data_load_end = (__data_load_start + SIZEOF (.data))

.noinit         0x0080014d        0x0
                0x0080014d                PROVIDE (__noinit_start, .)
 *(.noinit*)
                0x0080014d                PROVIDE (__noinit_end, .)
                0x0080014d                _end = .
                0x0080014d                PROVIDE (__heap_start, .)

.eeprom         0x00810000        0x1
 *(.eeprom*)
 .eeprom        0x00810000        0x1 TrekSoundGame1.o
                0x00810000                EEtheRow
                0x00810001                __eeprom_end = .

.fuse
 *(.fuse)
 *(.lfuse)
 *(.hfuse)
 *(.efuse)

.lock
 *(.lock*)

.signature
 *(.signature*)

.stab           0x00000000      0x378
 *(.stab)
 .stab          0x00000000      0x378 c:/winavr-20071221/bin/../lib/gcc/avr/4.2.2/../../../../avr/lib/avr4/crtm8.o

.stabstr        0x00000000       0x5f
 *(.stabstr)
 .stabstr       0x00000000       0x5f c:/winavr-20071221/bin/../lib/gcc/avr/4.2.2/../../../../avr/lib/avr4/crtm8.o

.stab.excl
 *(.stab.excl)

.stab.exclstr
 *(.stab.exclstr)

.stab.index
 *(.stab.index)

.stab.indexstr
 *(.stab.indexstr)

.comment
 *(.comment)

.debug
 *(.debug)

.line
 *(.line)

.debug_srcinfo
 *(.debug_srcinfo)

.debug_sfnames
 *(.debug_sfnames)

.debug_aranges  0x00000000       0x20
 *(.debug_aranges)
 .debug_aranges
                0x00000000       0x20 TrekSoundGame1.o

.debug_pubnames
                0x00000000      0x286
 *(.debug_pubnames)
 .debug_pubnames
                0x00000000      0x286 TrekSoundGame1.o

.debug_info     0x00000000      0xb88
 *(.debug_info)
 .debug_info    0x00000000      0xb88 TrekSoundGame1.o
 *(.gnu.linkonce.wi.*)

.debug_abbrev   0x00000000      0x27a
 *(.debug_abbrev)
 .debug_abbrev  0x00000000      0x27a TrekSoundGame1.o

.debug_line     0x00000000     0x1700
 *(.debug_line)
 .debug_line    0x00000000     0x1700 TrekSoundGame1.o

.debug_frame    0x00000000      0x210
 *(.debug_frame)
 .debug_frame   0x00000000      0x210 TrekSoundGame1.o

.debug_str      0x00000000      0x3b5
 *(.debug_str)
 .debug_str     0x00000000      0x3b5 TrekSoundGame1.o
                                0x402 (size before relaxing)

.debug_loc      0x00000000      0x443
 *(.debug_loc)
 .debug_loc     0x00000000      0x443 TrekSoundGame1.o

.debug_macinfo
 *(.debug_macinfo)
OUTPUT(TrekSoundGame1.elf elf32-avr)
LOAD linker stubs

.debug_ranges   0x00000000       0x30
 .debug_ranges  0x00000000       0x30 TrekSoundGame1.o
